plugin_register default_encoding/default_encoding
[[0,0.0,0.0],true]
